// Jest Snapshot v1, https://goo.gl/fbAQLP

exports[`Checkbox component should render correctly 1`] = `
<label
  className="container"
  data-testid="label"
  htmlFor="checkbox"
>
  <input
    checked={true}
    className="checkbox"
    data-testid="checkbox"
    id="checkbox"
    onChange={[MockFunction]}
    type="checkbox"
  />
  <span
    className="label"
    data-testid="text"
  >
    checkbox
  </span>
</label>
`;
